INFO: [Common 17-3922] A valid Vivado Design Suite BASIC license has been detected. Your current license is active and will expire on 30-aug-2027.
#-----------------------------------------------------------
# Vivado v2026.1 (64-bit)
# SW Build 6511674 on Tue Jun 16 11:02:23 MDT 2026
# IP Build 6504888 on Tue Jun 09 09:05:25 MDT 2026
# SharedData Build 6501428 on Mon Jun 08 17:34:18 MDT 2026
# Start of session at: Mon Aug 31 19:40:42 2026
# Process ID         : 16120
# Current directory  : D:/Priyan_Verilog/Basic_gates/and/vivado/project_1
# Command line       : vivado.exe -gui_launcher_event rodinguilauncherevent35376 D:\Priyan_Verilog\Basic_gates\and\vivado\project_1\project_1.xpr
# Log file           : D:/Priyan_Verilog/Basic_gates/and/vivado/project_1/vivado.log
# Journal file       : D:/Priyan_Verilog/Basic_gates/and/vivado/project_1\vivado.jou
# Running On         : Priyan_asus
# Platform           : Windows 11
# Operating System   : 26200
# Processor Detail   : AMD Ryzen 7 7435HS                             
# CPU Frequency      : 3094 MHz
# CPU Physical cores : 8
# CPU Logical cores  : 16
# Host memory        : 16987 MB
# Swap memory        : 9663 MB
# Total Virtual      : 26650 MB
# Available Virtual  : 9096 MB
#-----------------------------------------------------------
start_gui
open_project D:/Priyan_Verilog/Basic_gates/and/vivado/project_1/project_1.xpr
INFO: [filemgmt 56-3] Default IP Output Path : Could not find the directory 'D:/Priyan_Verilog/Basic_gates/and/vivado/project_1/project_1.gen/sources_1'.
Scanning sources...
Finished scanning sources
WARNING: [Project 1-5713] Board part '' set for the project  is not found. BoardPart property will be unset. Please select board from latest repo build 
INFO: [IP_Flow 19-234] Refreshing IP repositories
INFO: [IP_Flow 19-1704] No user IP repositories specified
INFO: [IP_Flow 19-2313] Loaded Vivado IP repository 'D:/AMD/2026.1/Vivado/data/ip'.
open_project: Time (s): cpu = 00:00:37 ; elapsed = 00:00:15 . Memory (MB): peak = 1729.277 ; gain = 267.449
update_compile_order -fileset sources_1
lexit
INFO: [Common 17-206] Exiting Vivado at Mon Aug 31 19:43:03 2026...
do 12-25911] Executing simulation for 'XSim' simulator
INFO: [Vivado 12-28535] Process started - Mon Aug 31 19:42:17 2026

INFO: [Vivado 12-12493] Simulation top is 'tb_and_gate'
INFO: [Vivado 12-5682] Launching behavioral simulation in 'D:/Priyan_Verilog/Basic_gates/and/vivado/project_1/project_1.sim/sim_1/behav/xsim'
INFO: [SIM-utils-51] Simulation object is 'sim_1'
INFO: [SIM-utils-72] Using boost library from 'D:/AMD/2026.1/Vivado/tps/boost_1_72_0'
INFO: [SIM-utils-54] Inspecting design source files for 'tb_and_gate' in fileset 'sim_1'...
INFO: [USF-XSim-97] Finding global include files...
INFO: [USF-XSim-98] Fetching design files from 'sim_1'...
INFO: [USF-XSim-2] XSim::Compile design
INFO: [USF-XSim-61] Executing 'COMPILE and ANALYZE' step in 'D:/Priyan_Verilog/Basic_gates/and/vivado/project_1/project_1.sim/sim_1/behav/xsim'
"xvlog --incr --relax -prj tb_and_gate_vlog.prj"
INFO: [VRFC 10-2263] Analyzing Verilog file "D:/Priyan_Verilog/Basic_gates/and/tb/and_gate.v" into library xil_defaultlib
INFO: [VRFC 10-311] analyzing module and_gate
INFO: [VRFC 10-2263] Analyzing Verilog file "D:/Priyan_Verilog/Basic_gates/and/tb/tb_and_gate.v" into library xil_defaultlib
INFO: [VRFC 10-311] analyzing module tb_and_gate
INFO: [USF-XSim-69] 'compile' step finished in '1' seconds
INFO: [USF-XSim-3] XSim::Elaborate design
INFO: [USF-XSim-61] Executing 'ELABORATE' step in 'D:/Priyan_Verilog/Basic_gates/and/vivado/project_1/project_1.sim/sim_1/behav/xsim'
"xelab --incr --debug typical --relax --mt 2 -L xil_defaultlib -L unisims_ver -L unimacro_ver -L secureip --snapshot tb_and_gate_behav xil_defaultlib.tb_and_gate xil_defaultlib.glbl -log elaborate.log"
Vivado Simulator v2026.1
Copyright 1986-2022 Xilinx, Inc. All Rights Reserved.
Copyright 2022-2026 Advanced Micro Devices, Inc. All Rights Reserved.
Running: D:/AMD/2026.1/Vivado/bin/unwrapped/win64.o/xelab.exe --incr --debug typical --relax --mt 2 -L xil_defaultlib -L unisims_ver -L unimacro_ver -L secureip --snapshot tb_and_gate_behav xil_defaultlib.tb_and_gate xil_defaultlib.glbl -log elaborate.log 
INFO: [XSIM 43-3493] Using 2 slave threads.
Starting static elaboration
Pass Through NonSizing Optimizer
ERROR: [VRFC 10-9078] illegal recursive instantiation of instance 'uut' [D:/Priyan_Verilog/Basic_gates/and/tb/and_gate.v:37]
ERROR: [XSIM 43-3322] Static elaboration of top level Verilog design unit(s) in library work failed.
INFO: [USF-XSim-69] 'elaborate' step finished in '1' seconds
INFO: [USF-XSim-99] Step results log file:'D:/Priyan_Verilog/Basic_gates/and/vivado/project_1/project_1.sim/sim_1/behav/xsim/elaborate.log'
ERROR: [USF-XSim-62] 'elaborate' step failed with error(s). Please check the Tcl console output or 'D:/Priyan_Verilog/Basic_gates/and/vivado/project_1/project_1.sim/sim_1/behav/xsim/elaborate.log' file for more information.
ERROR: [Vivado 12-4473] Detected error while running simulation. Please correct the issue and retry this operation.
ERROR: [Common 17-39] 'launch_simulation' failed due to earlier errors.
WARNING: [filemgmt 56-199] Attempt to get parsing info during refresh. "On-the-fly" syntax checking information may be incorrect. [D:\Priyan_Verilog\Basic_gates\and\tb\tb_and_gate.v:]
WARNING: [filemgmt 56-199] Attempt to get parsing info during refresh. "On-the-fly" syntax checking information may be incorrect. [D:\Priyan_Verilog\Basic_gates\and\rtl\and_gate.v:]
WARNING: [filemgmt 56-199] Attempt to get parsing info during refresh. "On-the-fly" syntax checking information may be incorrect. [D:\Priyan_Verilog\Basic_gates\and\rtl\and_gate.v:]
WARNING: [filemgmt 56-199] Attempt to get parsing info during refresh. "On-the-fly" syntax checking information may be incorrect. [D:\Priyan_Verilog\Basic_gates\and\rtl\and_gate.v:]
launch_simulation
Command: launch_simulation  -mode behavioral
INFO: [Vivado 12-25911] Executing simulation for 'XSim' simulator
INFO: [Vivado 12-28535] Process started - Mon Aug 31 19:47:04 2026

INFO: [Vivado 12-12493] Simulation top is 'tb_and_gate'
INFO: [Vivado 12-5682] Launching behavioral simulation in 'D:/Priyan_Verilog/Basic_gates/and/vivado/project_1/project_1.sim/sim_1/behav/xsim'
INFO: [SIM-utils-51] Simulation object is 'sim_1'
INFO: [SIM-utils-72] Using boost library from 'D:/AMD/2026.1/Vivado/tps/boost_1_72_0'
INFO: [SIM-utils-54] Inspecting design source files for 'tb_and_gate' in fileset 'sim_1'...
INFO: [USF-XSim-97] Finding global include files...
INFO: [USF-XSim-98] Fetching design files from 'sim_1'...
INFO: [USF-XSim-2] XSim::Compile design
INFO: [USF-XSim-61] Executing 'COMPILE and ANALYZE' step in 'D:/Priyan_Verilog/Basic_gates/and/vivado/project_1/project_1.sim/sim_1/behav/xsim'
"xvlog --incr --relax -prj tb_and_gate_vlog.prj"
INFO: [VRFC 10-2263] Analyzing Verilog file "D:/Priyan_Verilog/Basic_gates/and/tb/and_gate.v" into library xil_defaultlib
INFO: [VRFC 10-311] analyzing module and_gate
INFO: [VRFC 10-2263] Analyzing Verilog file "D:/Priyan_Verilog/Basic_gates/and/tb/tb_and_gate.v" into library xil_defaultlib
INFO: [VRFC 10-311] analyzing module tb_and_gate
INFO: [USF-XSim-69] 'compile' step finished in '1' seconds
INFO: [USF-XSim-3] XSim::Elaborate design
INFO: [USF-XSim-61] Executing 'ELABORATE' step in 'D:/Priyan_Verilog/Basic_gates/and/vivado/project_1/project_1.sim/sim_1/behav/xsim'
"xelab --incr --debug typical --relax --mt 2 -L xil_defaultlib -L unisims_ver -L unimacro_ver -L secureip --snapshot tb_and_gate_behav xil_defaultlib.tb_and_gate xil_defaultlib.glbl -log elaborate.log"
Vivado Simulator v2026.1
Copyright 1986-2022 Xilinx, Inc. All Rights Reserved.
Copyright 2022-2026 Advanced Micro Devices, Inc. All Rights Reserved.
Running: D:/AMD/2026.1/Vivado/bin/unwrapped/win64.o/xelab.exe --incr --debug typical --relax --mt 2 -L xil_defaultlib -L unisims_ver -L unimacro_ver -L secureip --snapshot tb_and_gate_behav xil_defaultlib.tb_and_gate xil_defaultlib.glbl -log elaborate.log 
INFO: [XSIM 43-3493] Using 2 slave threads.
Starting static elaboration
Pass Through NonSizing Optimizer
ERROR: [VRFC 10-2538] module instantiation should have an instance name [D:/Priyan_Verilog/Basic_gates/and/tb/tb_and_gate.v:35]
ERROR: [VRFC 10-9078] illegal recursive instantiation of instance 'uut' [D:/Priyan_Verilog/Basic_gates/and/tb/and_gate.v:37]
ERROR: [XSIM 43-3322] Static elaboration of top level Verilog design unit(s) in library work failed.
INFO: [USF-XSim-69] 'elaborate' step finished in '1' seconds
INFO: [USF-XSim-99] Step results log file:'D:/Priyan_Verilog/Basic_gates/and/vivado/project_1/project_1.sim/sim_1/behav/xsim/elaborate.log'
ERROR: [USF-XSim-62] 'elaborate' step failed with error(s). Please check the Tcl console output or 'D:/Priyan_Verilog/Basic_gates/and/vivado/project_1/project_1.sim/sim_1/behav/xsim/elaborate.log' file for more information.
ERROR: [Vivado 12-4473] Detected error while running simulation. Please correct the issue and retry this operation.
ERROR: [Common 17-39] 'launch_simulation' failed due to earlier errors.
synth_design -rtl -rtl_skip_mlo -name rtl_1
Command: synth_design -rtl -rtl_skip_mlo -name rtl_1
Starting synth_design
Using part: xc7z010iclg225-1L
Top: and_gate
INFO: [Device 21-403] Loading part xc7z010iclg225-1L
INFO: [Designutils 20-5008] Incremental synthesis strategy default
INFO: [Synth 8-7079] Multithreading enabled for synth_design using a maximum of 2 processes.
INFO: [Synth 8-7078] Launching helper process for spawning children vivado processes
INFO: [Synth 8-7075] Helper process launched with PID 30148
---------------------------------------------------------------------------------
Starting RTL Elaboration : Time (s): cpu = 00:00:12 ; elapsed = 00:00:12 . Memory (MB): peak = 2491.512 ; gain = 569.965
---------------------------------------------------------------------------------
INFO: [Synth 8-6157] synthesizing module 'and_gate' [D:/Priyan_Verilog/Basic_gates/and/rtl/and_gate.v:23]
INFO: [Synth 8-6155] done synthesizing module 'and_gate' (0#1) [D:/Priyan_Verilog/Basic_gates/and/rtl/and_gate.v:23]
---------------------------------------------------------------------------------
Finished RTL Elaboration : Time (s): cpu = 00:00:16 ; elapsed = 00:00:16 . Memory (MB): peak = 2613.605 ; gain = 692.059
---------------------------------------------------------------------------------
---------------------------------------------------------------------------------
Start Handling Custom Attributes
---------------------------------------------------------------------------------
---------------------------------------------------------------------------------
Finished Handling Custom Attributes : Time (s): cpu = 00:00:16 ; elapsed = 00:00:16 . Memory (MB): peak = 2613.605 ; gain = 692.059
---------------------------------------------------------------------------------
---------------------------------------------------------------------------------
Finished RTL Optimization Phase 1 : Time (s): cpu = 00:00:16 ; elapsed = 00:00:16 . Memory (MB): peak = 2613.605 ; gain = 692.059
---------------------------------------------------------------------------------
Netlist sorting complete. Time (s): cpu = 00:00:00 ; elapsed = 00:00:00 . Memory (MB): peak = 2613.605 ; gain = 0.000
INFO: [Project 1-570] Preparing netlist for logic optimization

Processing XDC Constraints
Initializing timing engine
Completed Processing XDC Constraints

Netlist sorting complete. Time (s): cpu = 00:00:00 ; elapsed = 00:00:00.001 . Memory (MB): peak = 2613.605 ; gain = 0.000
INFO: [Project 1-111] Unisim Transformation Summary:
No Unisim elements were transformed.

RTL Elaboration Complete:  : Time (s): cpu = 00:00:41 ; elapsed = 00:00:28 . Memory (MB): peak = 2856.402 ; gain = 934.855
9 Infos, 0 Warnings, 0 Critical Warnings and 0 Errors encountered.
synth_design completed successfully
synth_design: Time (s): cpu = 00:00:45 ; elapsed = 00:00:33 . Memory (MB): peak = 2856.402 ; gain = 1097.375
launch_simulation
Command: launch_simulation  -mode behavioral
INFO: [Vivado 12-25911] Executing simulation for 'XSim' simulator
INFO: [Vivado 12-28535] Process started - Mon Aug 31 19:48:42 2026

INFO: [Vivado 12-12493] Simulation top is 'tb_and_gate'
INFO: [Vivado 12-5682] Launching behavioral simulation in 'D:/Priyan_Verilog/Basic_gates/and/vivado/project_1/project_1.sim/sim_1/behav/xsim'
INFO: [SIM-utils-51] Simulation object is 'sim_1'
INFO: [SIM-utils-72] Using boost library from 'D:/AMD/2026.1/Vivado/tps/boost_1_72_0'
INFO: [SIM-utils-54] Inspecting design source files for 'tb_and_gate' in fileset 'sim_1'...
INFO: [USF-XSim-97] Finding global include files...
INFO: [USF-XSim-98] Fetching design files from 'sim_1'...
INFO: [USF-XSim-2] XSim::Compile design
INFO: [USF-XSim-61] Executing 'COMPILE and ANALYZE' step in 'D:/Priyan_Verilog/Basic_gates/and/vivado/project_1/project_1.sim/sim_1/behav/xsim'
"xvlog --incr --relax -prj tb_and_gate_vlog.prj"
INFO: [USF-XSim-69] 'compile' step finished in '1' seconds
INFO: [USF-XSim-3] XSim::Elaborate design
INFO: [USF-XSim-61] Executing 'ELABORATE' step in 'D:/Priyan_Verilog/Basic_gates/and/vivado/project_1/project_1.sim/sim_1/behav/xsim'
"xelab --incr --debug typical --relax --mt 2 -L xil_defaultlib -L unisims_ver -L unimacro_ver -L secureip --snapshot tb_and_gate_behav xil_defaultlib.tb_and_gate xil_defaultlib.glbl -log elaborate.log"
Vivado Simulator v2026.1
Copyright 1986-2022 Xilinx, Inc. All Rights Reserved.
Copyright 2022-2026 Advanced Micro Devices, Inc. All Rights Reserved.
Running: D:/AMD/2026.1/Vivado/bin/unwrapped/win64.o/xelab.exe --incr --debug typical --relax --mt 2 -L xil_defaultlib -L unisims_ver -L unimacro_ver -L secureip --snapshot tb_and_gate_behav xil_defaultlib.tb_and_gate xil_defaultlib.glbl -log elaborate.log 
INFO: [XSIM 43-3493] Using 2 slave threads.
Starting static elaboration
Pass Through NonSizing Optimizer
ERROR: [VRFC 10-2538] module instantiation should have an instance name [D:/Priyan_Verilog/Basic_gates/and/tb/tb_and_gate.v:35]
ERROR: [VRFC 10-9078] illegal recursive instantiation of instance 'uut' [D:/Priyan_Verilog/Basic_gates/and/tb/and_gate.v:37]
ERROR: [XSIM 43-3322] Static elaboration of top level Verilog design unit(s) in library work failed.
INFO: [USF-XSim-69] 'elaborate' step finished in '1' seconds
INFO: [USF-XSim-99] Step results log file:'D:/Priyan_Verilog/Basic_gates/and/vivado/project_1/project_1.sim/sim_1/behav/xsim/elaborate.log'
ERROR: [USF-XSim-62] 'elaborate' step failed with error(s). Please check the Tcl console output or 'D:/Priyan_Verilog/Basic_gates/and/vivado/project_1/project_1.sim/sim_1/behav/xsim/elaborate.log' file for more information.
ERROR: [Vivado 12-4473] Detected error while running simulation. Please correct the issue and retry this operation.
ERROR: [Common 17-39] 'launch_simulation' failed due to earlier errors.
WARNING: [filemgmt 56-199] Attempt to get parsing info during refresh. "On-the-fly" syntax checking information may be incorrect. [D:\Priyan_Verilog\Basic_gates\and\tb\tb_and_gate.v:]
WARNING: [filemgmt 56-199] Attempt to get parsing info during refresh. "On-the-fly" syntax checking information may be incorrect. [D:\Priyan_Verilog\Basic_gates\and\rtl\and_gate.v:]
WARNING: [filemgmt 56-199] Attempt to get parsing info during refresh. "On-the-fly" syntax checking information may be incorrect. [D:\Priyan_Verilog\Basic_gates\and\rtl\and_gate.v:]
WARNING: [filemgmt 56-199] Attempt to get parsing info during refresh. "On-the-fly" syntax checking information may be incorrect. [D:\Priyan_Verilog\Basic_gates\and\rtl\and_gate.v:]
ERROR: [Common 17-180] Spawn failed: The operation completed successfully.

update_compile_order -fileset sim_1
launch_simulation
Command: launch_simulation  -mode behavioral
INFO: [Vivado 12-25911] Executing simulation for 'XSim' simulator
INFO: [Vivado 12-28535] Process started - Mon Aug 31 19:52:35 2026

INFO: [Vivado 12-12493] Simulation top is 'tb_and_gate'
INFO: [Vivado 12-5682] Launching behavioral simulation in 'D:/Priyan_Verilog/Basic_gates/and/vivado/project_1/project_1.sim/sim_1/behav/xsim'
INFO: [SIM-utils-51] Simulation object is 'sim_1'
INFO: [SIM-utils-72] Using boost library from 'D:/AMD/2026.1/Vivado/tps/boost_1_72_0'
INFO: [SIM-utils-54] Inspecting design source files for 'tb_and_gate' in fileset 'sim_1'...
INFO: [USF-XSim-97] Finding global include files...
INFO: [USF-XSim-98] Fetching design files from 'sim_1'...
INFO: [USF-XSim-2] XSim::Compile design
INFO: [USF-XSim-61] Executing 'COMPILE and ANALYZE' step in 'D:/Priyan_Verilog/Basic_gates/and/vivado/project_1/project_1.sim/sim_1/behav/xsim'
"xvlog --incr --relax -prj tb_and_gate_vlog.prj"
INFO: [VRFC 10-2263] Analyzing Verilog file "D:/Priyan_Verilog/Basic_gates/and/tb/tb_and_gate.v" into library xil_defaultlib
INFO: [VRFC 10-311] analyzing module tb_and_gate
INFO: [VRFC 10-311] analyzing module and_gate
INFO: [USF-XSim-69] 'compile' step finished in '1' seconds
INFO: [USF-XSim-3] XSim::Elaborate design
INFO: [USF-XSim-61] Executing 'ELABORATE' step in 'D:/Priyan_Verilog/Basic_gates/and/vivado/project_1/project_1.sim/sim_1/behav/xsim'
"xelab --incr --debug typical --relax --mt 2 -L xil_defaultlib -L unisims_ver -L unimacro_ver -L secureip --snapshot tb_and_gate_behav xil_defaultlib.tb_and_gate xil_defaultlib.glbl -log elaborate.log"
Vivado Simulator v2026.1
Copyright 1986-2022 Xilinx, Inc. All Rights Reserved.
Copyright 2022-2026 Advanced Micro Devices, Inc. All Rights Reserved.
Running: D:/AMD/2026.1/Vivado/bin/unwrapped/win64.o/xelab.exe --incr --debug typical --relax --mt 2 -L xil_defaultlib -L unisims_ver -L unimacro_ver -L secureip --snapshot tb_and_gate_behav xil_defaultlib.tb_and_gate xil_defaultlib.glbl -log elaborate.log 
INFO: [XSIM 43-3493] Using 2 slave threads.
Starting static elaboration
Pass Through NonSizing Optimizer
Completed static elaboration
Starting simulation data flow analysis
Completed simulation data flow analysis
Time Resolution for simulation is 1ps
Compiling module xil_defaultlib.and_gate
Compiling module xil_defaultlib.tb_and_gate
Compiling module xil_defaultlib.glbl
Built simulation snapshot tb_and_gate_behav
INFO: [USF-XSim-69] 'elaborate' step finished in '2' seconds
INFO: [USF-XSim-4] XSim::Simulate design
INFO: [USF-XSim-61] Executing 'SIMULATE' step in 'D:/Priyan_Verilog/Basic_gates/and/vivado/project_1/project_1.sim/sim_1/behav/xsim'
INFO: [USF-XSim-98] *** Running xsim
   with args "tb_and_gate_behav -key {Behavioral:sim_1:Functional:tb_and_gate} -tclbatch {tb_and_gate.tcl} -log {simulate.log}"
INFO: [USF-XSim-8] Loading simulator feature
Time resolution is 1 ps
source tb_and_gate.tcl
# set curr_wave [current_wave_config]
# if { [string length $curr_wave] == 0 } {
#   if { [llength [get_objects]] > 0} {
#     add_wave /
#     set_property needs_save false [current_wave_config]
#   } else {
#      send_msg_id Add_Wave-1 WARNING "No top level signals found. Simulator will start without a wave window. If you want to open a wave window go to 'File->New Waveform Configuration' or type 'create_wave_config' in the TCL console."
#   }
# }
# run 1000ns
Time = 0 | a = 0, b = 0 | Output y = 0
Time = 10000 | a = 0, b = 1 | Output y = 0
Time = 20000 | a = 1, b = 0 | Output y = 0
Time = 30000 | a = 1, b = 1 | Output y = 1
$finish called at time : 40 ns : File "D:/Priyan_Verilog/Basic_gates/and/tb/tb_and_gate.v" Line 53
INFO: [USF-XSim-96] XSim completed. Design snapshot 'tb_and_gate_behav' loaded.
INFO: [USF-XSim-97] XSim simulation ran for 1000ns
launch_simulation: Time (s): cpu = 00:00:08 ; elapsed = 00:00:07 . Memory (MB): peak = 2916.020 ; gain = 34.762
close_sim
INFO: [Simtcl 6-16] Simulation closed
exit
INFO: [Common 17-206] Exiting Vivado at Mon Aug 31 21:48:17 2026...
