INFO: [Common 17-3922] A valid Vivado Design Suite BASIC license has been detected. Your current license is active and will expire on 30-aug-2027.
#-----------------------------------------------------------
# Vivado v2026.1 (64-bit)
# SW Build 6511674 on Tue Jun 16 11:02:23 MDT 2026
# IP Build 6504888 on Tue Jun 09 09:05:25 MDT 2026
# SharedData Build 6501428 on Mon Jun 08 17:34:18 MDT 2026
# Start of session at: Tue Sep  1 11:48:17 2026
# Process ID         : 19604
# Current directory  : D:/Priyan_Verilog/rtl_design/Basic_gates/not/vivado/not_gate
# Command line       : vivado.exe -gui_launcher_event rodinguilauncherevent32112 D:\Priyan_Verilog\rtl_design\Basic_gates\not\vivado\not_gate\not_gate.xpr
# Log file           : D:/Priyan_Verilog/rtl_design/Basic_gates/not/vivado/not_gate/vivado.log
# Journal file       : D:/Priyan_Verilog/rtl_design/Basic_gates/not/vivado/not_gate\vivado.jou
# Running On         : Priyan_asus
# Platform           : Windows 11
# Operating System   : 26200
# Processor Detail   : AMD Ryzen 7 7435HS                             
# CPU Frequency      : 3094 MHz
# CPU Physical cores : 8
# CPU Logical cores  : 16
# Host memory        : 16987 MB
# Swap memory        : 9663 MB
# Total Virtual      : 26650 MB
# Available Virtual  : 5678 MB
#-----------------------------------------------------------
start_gui
open_project D:/Priyan_Verilog/rtl_design/Basic_gates/not/vivado/not_gate/not_gate.xpr
INFO: [filemgmt 56-3] Default IP Output Path : Could not find the directory 'D:/Priyan_Verilog/rtl_design/Basic_gates/not/vivado/not_gate/not_gate.gen/sources_1'.
Scanning sources...
Finished scanning sources
WARNING: [Project 1-5713] Board part '' set for the project  is not found. BoardPart property will be unset. Please select board from latest repo build 
INFO: [IP_Flow 19-234] Refreshing IP repositories
INFO: [IP_Flow 19-1704] No user IP repositories specified
INFO: [IP_Flow 19-2313] Loaded Vivado IP repository 'D:/AMD/2026.1/Vivado/data/ip'.
open_project: Time (s): cpu = 00:00:38 ; elapsed = 00:00:16 . Memory (MB): peak = 1726.188 ; gain = 270.426
update_compile_order -fileset sources_1
synth_design -rtl -rtl_skip_mlo -name rtl_1
Command: synth_design -rtl -rtl_skip_mlo -name rtl_1
Starting synth_design
Using part: xc7z010iclg225-1L
Top: not_gate
INFO: [Device 21-403] Loading part xc7z010iclg225-1L
INFO: [Designutils 20-5008] Incremental synthesis strategy default
INFO: [Synth 8-7079] Multithreading enabled for synth_design using a maximum of 2 processes.
INFO: [Synth 8-7078] Launching helper process for spawning children vivado processes
INFO: [Synth 8-7075] Helper process launched with PID 20252
---------------------------------------------------------------------------------
Starting RTL Elaboration : Time (s): cpu = 00:00:15 ; elapsed = 00:00:13 . Memory (MB): peak = 2480.555 ; gain = 579.117
---------------------------------------------------------------------------------
INFO: [Synth 8-6157] synthesizing module 'not_gate' [D:/Priyan_Verilog/rtl_design/Basic_gates/not/rtl/not_gate.v:23]
INFO: [Synth 8-6155] done synthesizing module 'not_gate' (0#1) [D:/Priyan_Verilog/rtl_design/Basic_gates/not/rtl/not_gate.v:23]
---------------------------------------------------------------------------------
Finished RTL Elaboration : Time (s): cpu = 00:00:18 ; elapsed = 00:00:17 . Memory (MB): peak = 2598.453 ; gain = 697.016
---------------------------------------------------------------------------------
---------------------------------------------------------------------------------
Start Handling Custom Attributes
---------------------------------------------------------------------------------
---------------------------------------------------------------------------------
Finished Handling Custom Attributes : Time (s): cpu = 00:00:19 ; elapsed = 00:00:17 . Memory (MB): peak = 2598.453 ; gain = 697.016
---------------------------------------------------------------------------------
---------------------------------------------------------------------------------
Finished RTL Optimization Phase 1 : Time (s): cpu = 00:00:19 ; elapsed = 00:00:17 . Memory (MB): peak = 2598.453 ; gain = 697.016
---------------------------------------------------------------------------------
Netlist sorting complete. Time (s): cpu = 00:00:00 ; elapsed = 00:00:00.001 . Memory (MB): peak = 2598.453 ; gain = 0.000
INFO: [Project 1-570] Preparing netlist for logic optimization

Processing XDC Constraints
Initializing timing engine
Completed Processing XDC Constraints

Netlist sorting complete. Time (s): cpu = 00:00:00 ; elapsed = 00:00:00 . Memory (MB): peak = 2598.453 ; gain = 0.000
INFO: [Project 1-111] Unisim Transformation Summary:
No Unisim elements were transformed.

RTL Elaboration Complete:  : Time (s): cpu = 00:00:46 ; elapsed = 00:00:30 . Memory (MB): peak = 2854.805 ; gain = 953.367
9 Infos, 0 Warnings, 0 Critical Warnings and 0 Errors encountered.
synth_design completed successfully
synth_design: Time (s): cpu = 00:00:51 ; elapsed = 00:00:36 . Memory (MB): peak = 2854.805 ; gain = 1105.117
set_property SOURCE_SET sources_1 [get_filesets sim_1]
close [ open D:/Priyan_Verilog/rtl_design/Basic_gates/not/tb/tb_not_gate.v w ]
add_files -fileset sim_1 D:/Priyan_Verilog/rtl_design/Basic_gates/not/tb/tb_not_gate.v
update_compile_order -fileset sim_1
set_property top tb_not_gate [get_filesets sim_1]
set_property top_lib xil_defaultlib [get_filesets sim_1]
update_compile_order -fileset sim_1
WARNING: [filemgmt 56-199] Attempt to get parsing info during refresh. "On-the-fly" syntax checking information may be incorrect. [D:\Priyan_Verilog\rtl_design\Basic_gates\not\rtl\not_gate.v:]
WARNING: [filemgmt 56-199] Attempt to get parsing info during refresh. "On-the-fly" syntax checking information may be incorrect. [D:\Priyan_Verilog\rtl_design\Basic_gates\not\tb\tb_not_gate.v:]
WARNING: [filemgmt 56-199] Attempt to get parsing info during refresh. "On-the-fly" syntax checking information may be incorrect. [D:\Priyan_Verilog\rtl_design\Basic_gates\not\rtl\not_gate.v:]
WARNING: [filemgmt 56-199] Attempt to get parsing info during refresh. "On-the-fly" syntax checking information may be incorrect. [D:\Priyan_Verilog\rtl_design\Basic_gates\not\rtl\not_gate.v:]
launch_simulation
Command: launch_simulation  -mode behavioral
INFO: [Vivado 12-25911] Executing simulation for 'XSim' simulator
INFO: [Vivado 12-28535] Process started - Tue Sep  1 11:55:40 2026

INFO: [Vivado 12-12493] Simulation top is 'tb_not_gate'
INFO: [Vivado 12-5682] Launching behavioral simulation in 'D:/Priyan_Verilog/rtl_design/Basic_gates/not/vivado/not_gate/not_gate.sim/sim_1/behav/xsim'
INFO: [SIM-utils-51] Simulation object is 'sim_1'
INFO: [SIM-utils-72] Using boost library from 'D:/AMD/2026.1/Vivado/tps/boost_1_72_0'
INFO: [SIM-utils-54] Inspecting design source files for 'tb_not_gate' in fileset 'sim_1'...
INFO: [USF-XSim-97] Finding global include files...
INFO: [USF-XSim-98] Fetching design files from 'sim_1'...
INFO: [USF-XSim-2] XSim::Compile design
INFO: [USF-XSim-61] Executing 'COMPILE and ANALYZE' step in 'D:/Priyan_Verilog/rtl_design/Basic_gates/not/vivado/not_gate/not_gate.sim/sim_1/behav/xsim'
"xvlog --incr --relax -prj tb_not_gate_vlog.prj"
INFO: [VRFC 10-2263] Analyzing Verilog file "D:/Priyan_Verilog/rtl_design/Basic_gates/not/rtl/not_gate.v" into library xil_defaultlib
INFO: [VRFC 10-311] analyzing module not_gate
INFO: [VRFC 10-2263] Analyzing Verilog file "D:/Priyan_Verilog/rtl_design/Basic_gates/not/tb/tb_not_gate.v" into library xil_defaultlib
INFO: [VRFC 10-311] analyzing module tb_not_gate
INFO: [VRFC 10-2263] Analyzing Verilog file "D:/Priyan_Verilog/rtl_design/Basic_gates/not/vivado/not_gate/not_gate.sim/sim_1/behav/xsim/glbl.v" into library xil_defaultlib
INFO: [VRFC 10-311] analyzing module glbl
INFO: [USF-XSim-69] 'compile' step finished in '2' seconds
INFO: [USF-XSim-3] XSim::Elaborate design
INFO: [USF-XSim-61] Executing 'ELABORATE' step in 'D:/Priyan_Verilog/rtl_design/Basic_gates/not/vivado/not_gate/not_gate.sim/sim_1/behav/xsim'
"xelab --incr --debug typical --relax --mt 2 -L xil_defaultlib -L unisims_ver -L unimacro_ver -L secureip --snapshot tb_not_gate_behav xil_defaultlib.tb_not_gate xil_defaultlib.glbl -log elaborate.log"
Vivado Simulator v2026.1
Copyright 1986-2022 Xilinx, Inc. All Rights Reserved.
Copyright 2022-2026 Advanced Micro Devices, Inc. All Rights Reserved.
Running: D:/AMD/2026.1/Vivado/bin/unwrapped/win64.o/xelab.exe --incr --debug typical --relax --mt 2 -L xil_defaultlib -L unisims_ver -L unimacro_ver -L secureip --snapshot tb_not_gate_behav xil_defaultlib.tb_not_gate xil_defaultlib.glbl -log elaborate.log 
INFO: [XSIM 43-3493] Using 2 slave threads.
Starting static elaboration
Pass Through NonSizing Optimizer
Completed static elaboration
Starting simulation data flow analysis
Completed simulation data flow analysis
Time Resolution for simulation is 1ps
Compiling module xil_defaultlib.not_gate
Compiling module xil_defaultlib.tb_not_gate
Compiling module xil_defaultlib.glbl
Built simulation snapshot tb_not_gate_behav
INFO: [USF-XSim-69] 'elaborate' step finished in '2' seconds
INFO: [USF-XSim-4] XSim::Simulate design
INFO: [USF-XSim-61] Executing 'SIMULATE' step in 'D:/Priyan_Verilog/rtl_design/Basic_gates/not/vivado/not_gate/not_gate.sim/sim_1/behav/xsim'
INFO: [USF-XSim-98] *** Running xsim
   with args "tb_not_gate_behav -key {Behavioral:sim_1:Functional:tb_not_gate} -tclbatch {tb_not_gate.tcl} -log {simulate.log}"
INFO: [USF-XSim-8] Loading simulator feature
Time resolution is 1 ps
source tb_not_gate.tcl
# set curr_wave [current_wave_config]
# if { [string length $curr_wave] == 0 } {
#   if { [llength [get_objects]] > 0} {
#     add_wave /
#     set_property needs_save false [current_wave_config]
#   } else {
#      send_msg_id Add_Wave-1 WARNING "No top level signals found. Simulator will start without a wave window. If you want to open a wave window go to 'File->New Waveform Configuration' or type 'create_wave_config' in the TCL console."
#   }
# }
# run 1000ns
Time | a | y
-------------
                   0 | 0 | 1
               10000 | 1 | 0
$finish called at time : 20 ns : File "D:/Priyan_Verilog/rtl_design/Basic_gates/not/tb/tb_not_gate.v" Line 44
INFO: [USF-XSim-96] XSim completed. Design snapshot 'tb_not_gate_behav' loaded.
INFO: [USF-XSim-97] XSim simulation ran for 1000ns
launch_simulation: Time (s): cpu = 00:00:08 ; elapsed = 00:00:09 . Memory (MB): peak = 3169.172 ; gain = 0.000
close_sim
INFO: [Simtcl 6-16] Simulation closed
close_project
create_project nand D:/Priyan_Verilog/rtl_design/universal_gates/nand/vivado/nand -part xc7z010iclg225-1L
INFO: [IP_Flow 19-234] Refreshing IP repositories
INFO: [IP_Flow 19-1704] No user IP repositories specified
INFO: [IP_Flow 19-2313] Loaded Vivado IP repository 'D:/AMD/2026.1/Vivado/data/ip'.
set_property simulator_language Verilog [current_project]
close [ open D:/Priyan_Verilog/rtl_design/universal_gates/nand/rtl/nand_dataflow/nand_gatedf.v w ]
add_files D:/Priyan_Verilog/rtl_design/universal_gates/nand/rtl/nand_dataflow/nand_gatedf.v
update_compile_order -fileset sources_1
exit
INFO: [Common 17-206] Exiting Vivado at Tue Sep  1 13:32:38 2026...
